gc 1 @0.021s 0%: 0.11+0.27+0.022 ms clock, 2.7+0.026/0.57/0+0.53 ms cpu, 3->3->0 MB, 4 MB goal, 0 MB stacks, 0 MB globals, 24 P
gc 2 @0.025s 1%: 0.14+0.58+0.061 ms clock, 3.5+0.054/0.72/0+1.4 ms cpu, 3->4->1 MB, 4 MB goal, 0 MB stacks, 0 MB globals, 24 P
gc 3 @0.027s 2%: 0.083+0.32+0.15 ms clock, 2.0+0.083/0.49/0+3.7 ms cpu, 3->4->1 MB, 4 MB goal, 0 MB stacks, 0 MB globals, 24 P
gc 4 @0.028s 2%: 0.014+0.35+0.058 ms clock, 0.35+0.018/0.61/0.006+1.4 ms cpu, 3->4->1 MB, 4 MB goal, 0 MB stacks, 0 MB globals, 24 P
gc 5 @0.028s 2%: 0.009+0.40+0.023 ms clock, 0.23+0.010/0.67/0.002+0.56 ms cpu, 3->4->1 MB, 4 MB goal, 0 MB stacks, 0 MB globals, 24 P
gc 6 @0.030s 2%: 0.011+0.33+0.051 ms clock, 0.27+0.039/0.51/0+1.2 ms cpu, 3->3->1 MB, 4 MB goal, 0 MB stacks, 0 MB globals, 24 P
gc 7 @0.031s 2%: 0.007+0.42+0.057 ms clock, 0.18+0.011/0.64/0.018+1.3 ms cpu, 3->3->1 MB, 4 MB goal, 0 MB stacks, 0 MB globals, 24 P
# command-line-arguments
gc 1 @0.001s 2%: 0.022+0.74+0.031 ms clock, 0.53+0.035/0.27/0+0.76 ms cpu, 3->5->5 MB, 4 MB goal, 0 MB stacks, 0 MB globals, 24 P
gc 2 @0.003s 3%: 0.007+0.44+0.050 ms clock, 0.18+0.065/0.52/0+1.2 ms cpu, 8->9->8 MB, 10 MB goal, 0 MB stacks, 0 MB globals, 24 P
gc 8 @0.085s 1%: 0.023+0.55+0.11 ms clock, 0.56+0.061/0.99/0+2.8 ms cpu, 3->3->1 MB, 4 MB goal, 0 MB stacks, 0 MB globals, 24 P
gc 1 @0.003s 6%: 0.10+0.63+0.13 ms clock, 2.4+0.044/1.2/0+3.1 ms cpu, 3->4->2 MB, 4 MB goal, 0 MB stacks, 0 MB globals, 24 P
gc 2 @0.005s 7%: 0.084+0.85+0.095 ms clock, 2.0+0.029/2.1/0.049+2.2 ms cpu, 4->4->3 MB, 4 MB goal, 0 MB stacks, 0 MB globals, 24 P
gc 3 @0.009s 6%: 0.087+0.92+0.016 ms clock, 2.0+0.040/3.8/0.59+0.39 ms cpu, 7->7->6 MB, 7 MB goal, 0 MB stacks, 0 MB globals, 24 P
gc 4 @0.017s 6%: 0.086+1.6+0.11 ms clock, 2.0+0.027/6.8/3.6+2.8 ms cpu, 12->12->10 MB, 13 MB goal, 0 MB stacks, 0 MB globals, 24 P
gc 5 @0.028s 5%: 0.011+1.8+0.10 ms clock, 0.28+0.019/8.4/7.1+2.5 ms cpu, 19->20->15 MB, 20 MB goal, 0 MB stacks, 0 MB globals, 24 P
gc 6 @0.053s 4%: 0.071+6.6+0.025 ms clock, 1.7+0/27/37+0.61 ms cpu, 32->32->25 MB, 32 MB goal, 0 MB stacks, 0 MB globals, 24 P
gc 7 @0.108s 3%: 0.087+3.6+0.031 ms clock, 2.1+0.077/19/34+0.76 ms cpu, 49->50->42 MB, 51 MB goal, 0 MB stacks, 0 MB globals, 24 P
gc 8 @0.197s 2%: 0.016+5.3+0.086 ms clock, 0.38+0.036/29/59+2.0 ms cpu, 81->82->66 MB, 85 MB goal, 0 MB stacks, 0 MB globals, 24 P
gc 9 @0.310s 2%: 0.027+10+0.099 ms clock, 0.65+0.091/57/142+2.3 ms cpu, 129->131->102 MB, 133 MB goal, 0 MB stacks, 0 MB globals, 24 P
gc 10 @0.579s 2%: 0.093+32+0.022 ms clock, 2.2+2.9/122/84+0.53 ms cpu, 210->210->167 MB, 210 MB goal, 0 MB stacks, 0 MB globals, 24 P
gc 11 @0.968s 2%: 0.020+126+0.013 ms clock, 0.49+6.6/223/291+0.32 ms cpu, 337->337->268 MB, 337 MB goal, 0 MB stacks, 0 MB globals, 24 P
gc 12 @1.614s 1%: 0.074+26+0.021 ms clock, 1.7+0/150/401+0.52 ms cpu, 517->521->422 MB, 537 MB goal, 0 MB stacks, 0 MB globals, 24 P

**Интервал срабатывания** 125 ms
**Средняя длительность паузы GC** 0.16 ms
**Сколько памяти освобождается** 22 Mb