gc 231 @1.083s 0%: 0.006+0.37+0.011 ms clock, 0.16+0/0.67/0.029+0.28 ms cpu, 6->6->3 MB, 6 MB goal, 0 MB stacks, 0 MB globals, 24 P
gc 232 @1.088s 0%: 0.007+0.35+0.012 ms clock, 0.17+0/0.73/0+0.29 ms cpu, 6->6->3 MB, 6 MB goal, 0 MB stacks, 0 MB globals, 24 P
gc 233 @1.092s 0%: 0.007+0.34+0.008 ms clock, 0.16+0/0.52/0+0.20 ms cpu, 6->6->3 MB, 6 MB goal, 0 MB stacks, 0 MB globals, 24 P
gc 234 @1.097s 0%: 0.008+0.61+0.010 ms clock, 0.19+0/1.3/0.055+0.25 ms cpu, 6->6->3 MB, 6 MB goal, 0 MB stacks, 0 MB globals, 24 P
gc 235 @1.101s 0%: 0.008+0.30+0.011 ms clock, 0.21+0/0.64/0+0.28 ms cpu, 6->6->3 MB, 6 MB goal, 0 MB stacks, 0 MB globals, 24 P
gc 236 @1.106s 0%: 0.007+0.31+0.012 ms clock, 0.17+0/0.67/0+0.30 ms cpu, 6->6->3 MB, 6 MB goal, 0 MB stacks, 0 MB globals, 24 P
gc 237 @1.111s 0%: 0.007+0.40+0.011 ms clock, 0.19+0/0.65/0.001+0.27 ms cpu, 6->6->3 MB, 6 MB goal, 0 MB stacks, 0 MB globals, 24 P
gc 238 @1.115s 0%: 0.033+0.23+0.011 ms clock, 0.80+0/0.47/0+0.27 ms cpu, 6->6->3 MB, 6 MB goal, 0 MB stacks, 0 MB globals, 24 P
gc 239 @1.120s 0%: 0.007+0.35+0.011 ms clock, 0.17+0/0.75/0+0.27 ms cpu, 6->6->3 MB, 6 MB goal, 0 MB stacks, 0 MB globals, 24 P
gc 240 @1.124s 0%: 0.008+0.28+0.007 ms clock, 0.20+0/0.49/0+0.17 ms cpu, 6->6->3 MB, 6 MB goal, 0 MB stacks, 0 MB globals, 24 P
gc 241 @1.129s 0%: 0.006+0.31+0.013 ms clock, 0.16+0/0.53/0.012+0.31 ms cpu, 6->6->3 MB, 6 MB goal, 0 MB stacks, 0 MB globals, 24 P
gc 242 @1.134s 0%: 0.006+0.38+0.007 ms clock, 0.16+0/0.72/0+0.18 ms cpu, 6->6->3 MB, 6 MB goal, 0 MB stacks, 0 MB globals, 24 P
gc 243 @1.138s 0%: 0.007+0.36+0.006 ms clock, 0.18+0/0.60/0+0.16 ms cpu, 6->6->3 MB, 6 MB goal, 0 MB stacks, 0 MB globals, 24 P
gc 244 @1.143s 0%: 0.006+0.43+0.012 ms clock, 0.16+0/0.76/0.001+0.30 ms cpu, 6->6->3 MB, 6 MB goal, 0 MB stacks, 0 MB globals, 24 P
gc 245 @1.148s 0%: 0.007+0.32+0.006 ms clock, 0.18+0/0.48/0+0.16 ms cpu, 6->6->3 MB, 6 MB goal, 0 MB stacks, 0 MB globals, 24 P
gc 246 @1.152s 0%: 0.006+0.27+0.006 ms clock, 0.16+0/0.43/0+0.16 ms cpu, 6->6->3 MB, 6 MB goal, 0 MB stacks, 0 MB globals, 24 P
gc 247 @1.157s 0%: 0.006+0.79+0.007 ms clock, 0.15+0/1.2/0.016+0.17 ms cpu, 6->6->3 MB, 6 MB goal, 0 MB stacks, 0 MB globals, 24 P
gc 248 @1.161s 0%: 0.007+0.39+0.013 ms clock, 0.17+0/0.62/0+0.31 ms cpu, 6->6->3 MB, 6 MB goal, 0 MB stacks, 0 MB globals, 24 P
gc 249 @1.166s 0%: 0.007+0.31+0.013 ms clock, 0.17+0/0.64/0+0.33 ms cpu, 6->6->3 MB, 6 MB goal, 0 MB stacks, 0 MB globals, 24 P
gc 250 @1.171s 0%: 0.029+0.40+0.011 ms clock, 0.70+0/0.91/0+0.28 ms cpu, 6->6->3 MB, 6 MB goal, 0 MB stacks, 0 MB globals, 24 P


**Интервал срабатывания** 4 ms
**Средняя длительность паузы GC** 0.19 ms
**Сколько памяти освобождается** 0