gc 1 @0.020s 0%: 0.12+0.46+0.081 ms clock, 2.9+0.033/0.48/0+1.9 ms cpu, 3->4->1 MB, 4 MB goal, 0 MB stacks, 0 MB globals, 24 P
gc 2 @0.023s 1%: 0.013+0.33+0.043 ms clock, 0.32+0.028/0.55/0+1.0 ms cpu, 3->3->1 MB, 4 MB goal, 0 MB stacks, 0 MB globals, 24 P
gc 3 @0.027s 1%: 0.11+0.59+0.010 ms clock, 2.7+0.025/0.87/0+0.25 ms cpu, 3->4->1 MB, 4 MB goal, 0 MB stacks, 0 MB globals, 24 P
gc 4 @0.029s 1%: 0.068+0.50+0.019 ms clock, 1.6+0.007/0.77/0+0.46 ms cpu, 3->4->2 MB, 4 MB goal, 0 MB stacks, 0 MB globals, 24 P
gc 5 @0.030s 2%: 0.048+0.38+0.051 ms clock, 1.1+0.022/0.81/0.008+1.2 ms cpu, 4->5->2 MB, 5 MB goal, 0 MB stacks, 0 MB globals, 24 P
gc 6 @0.030s 2%: 0.030+0.57+0.053 ms clock, 0.72+0.015/0.86/0.004+1.2 ms cpu, 3->4->1 MB, 4 MB goal, 0 MB stacks, 0 MB globals, 24 P
gc 7 @0.032s 2%: 0.014+0.49+0.045 ms clock, 0.35+0.044/1.0/0.003+1.0 ms cpu, 3->3->1 MB, 4 MB goal, 0 MB stacks, 0 MB globals, 24 P
gc 8 @0.033s 2%: 0.009+0.40+0.031 ms clock, 0.23+0.020/0.93/0.026+0.75 ms cpu, 3->3->1 MB, 4 MB goal, 0 MB stacks, 0 MB globals, 24 P
gc 9 @0.034s 2%: 0.010+0.29+0.069 ms clock, 0.24+0.022/0.74/0+1.6 ms cpu, 3->3->1 MB, 4 MB goal, 0 MB stacks, 0 MB globals, 24 P
gc 10 @0.035s 3%: 0.11+0.52+0.047 ms clock, 2.8+0.012/0.93/0+1.1 ms cpu, 3->4->2 MB, 4 MB goal, 0 MB stacks, 0 MB globals, 24 P
gc 11 @0.036s 3%: 0.016+0.39+0.054 ms clock, 0.40+0.090/0.86/0+1.3 ms cpu, 4->4->2 MB, 4 MB goal, 0 MB stacks, 0 MB globals, 24 P
gc 12 @0.037s 3%: 0.008+0.38+0.16 ms clock, 0.21+0.035/0.64/0.007+3.9 ms cpu, 3->4->2 MB, 4 MB goal, 0 MB stacks, 0 MB globals, 24 P
gc 13 @0.055s 2%: 0.016+0.54+0.058 ms clock, 0.39+0.067/0.88/0+1.4 ms cpu, 3->3->1 MB, 4 MB goal, 0 MB stacks, 0 MB globals, 24 P

**Интервал срабатывания** 2 ms
**Средняя длительность паузы GC** 0.101 ms
**Сколько памяти освобождается** 0